// Jest Snapshot v1, https://goo.gl/fbAQLP

exports[`Settings Settings snapshot 1`] = `
<View
  style={
    Object {
      "borderBottomColor": "grey",
      "borderBottomWidth": 2,
      "flex": 1,
      "flexDirection": "row",
    }
  }
>
  <View
    style={
      Object {
        "flex": 1,
        "flexDirection": "row",
        "padding": 5,
      }
    }
  >
    <View
      style={
        Object {
          "alignItems": "center",
          "flex": 0.6,
          "justifyContent": "center",
        }
      }
    >
      <Text
        style={
          Object {
            "color": "#ffffff",
            "fontSize": 20,
          }
        }
      />
    </View>
  </View>
  <KeyboardAvoidingView
    behavior="padding"
    enabled={true}
    keyboardShouldPersistTaps="always"
    keyboardVerticalOffset="-250"
  >
    <Component
      animationType="fade"
      hardwareAccelerated={false}
      onRequestClose={[Function]}
      transparent={true}
      visible={false}
    >
      <Weight
        onClick={[Function]}
      />
    </Component>
  </KeyboardAvoidingView>
  <View
    style={
      Object {
        "alignItems": "center",
        "flex": 0.5,
        "justifyContent": "center",
      }
    }
  >
    <TouchableOpacity
      activeOpacity={0.2}
      onPress={[Function]}
      style={
        Object {
          "color": "#08DBA5",
          "fontSize": 15,
        }
      }
      visible={true}
    >
      <Text
        style={
          Object {
            "color": "#08DBA5",
            "fontSize": 15,
          }
        }
      />
    </TouchableOpacity>
  </View>
</View>
`;
