// Jest Snapshot v1, https://goo.gl/fbAQLP

exports[`Items Items snapshot 1`] = `
<View
  style={
    Object {
      "borderBottomColor": "#d2d2d2",
      "borderBottomWidth": 2,
      "flex": 1,
      "flexDirection": "row",
    }
  }
>
  <View
    style={
      Object {
        "flex": 1,
        "flexDirection": "row",
        "padding": 5,
      }
    }
  >
    <View
      style={
        Object {
          "alignItems": "center",
          "flex": 0.6,
          "justifyContent": "center",
        }
      }
    >
      <Text
        style={
          Object {
            "color": "#ffffff",
            "fontSize": 20,
          }
        }
      />
    </View>
  </View>
  <View
    style={
      Object {
        "alignItems": "center",
        "flex": 0.2,
        "flexDirection": "row",
        "justifyContent": "space-around",
      }
    }
  >
    <Text
      style={
        Object {
          "color": "#08DBA5",
          "fontSize": 15,
        }
      }
    />
  </View>
</View>
`;
