// Jest Snapshot v1, https://goo.gl/fbAQLP

exports[`Report Report snapshot 1`] = `
<View
  style={
    Object {
      "backgroundColor": "#0F2635",
      "flex": 1,
    }
  }
>
  <View
    style={
      Object {
        "flex": 0.5,
        "flexDirection": "row",
        "justifyContent": "space-around",
      }
    }
  >
    <View
      style={
        Object {
          "flexDirection": "row",
          "justifyContent": "space-around",
          "width": "100%",
        }
      }
    >
      <Text
        style={
          Object {
            "color": "#08DBA5",
            "fontSize": 20,
          }
        }
      >
        Object {}
      </Text>
      <Text
        style={
          Object {
            "color": "#08DBA5",
            "fontSize": 20,
          }
        }
      >
        Object {}
      </Text>
      <Text
        style={
          Object {
            "color": "#08DBA5",
            "fontSize": 20,
          }
        }
      />
    </View>
  </View>
  <View
    style={
      Object {
        "flex": 0.5,
        "flexDirection": "row",
        "justifyContent": "space-around",
      }
    }
  >
    <View
      style={
        Object {
          "flexDirection": "row",
          "justifyContent": "space-around",
          "width": "100%",
        }
      }
    >
      <Text
        style={
          Object {
            "color": "grey",
            "fontSize": 15,
          }
        }
      />
      <Text
        style={
          Object {
            "color": "grey",
            "fontSize": 15,
          }
        }
      />
      <Text
        style={
          Object {
            "color": "grey",
            "fontSize": 15,
          }
        }
      />
    </View>
  </View>
</View>
`;
